Analysis & Synthesis report for top_level
Wed Mar 10 18:22:59 2021
Quartus Prime Version 20.1.1 Build 720 11/11/2020 SJ Lite Edition


---------------------
; Table of Contents ;
---------------------
  1. Legal Notice
  2. Analysis & Synthesis Summary
  3. Analysis & Synthesis Settings
  4. Parallel Compilation
  5. Analysis & Synthesis Source Files Read
  6. Analysis & Synthesis Resource Usage Summary
  7. Analysis & Synthesis Resource Utilization by Entity
  8. Registers Removed During Synthesis
  9. General Register Statistics
 10. Multiplexer Restructuring Statistics (Restructuring Performed)
 11. Parameter Settings for User Entity Instance: InstROM:IR1
 12. Parameter Settings for User Entity Instance: RegFile:RF1
 13. Port Connectivity Checks: "InstFetch:IF1"
 14. Post-Synthesis Netlist Statistics for Top Partition
 15. Elapsed Time Per Partition
 16. Analysis & Synthesis Messages
 17. Analysis & Synthesis Suppressed Messages



----------------
; Legal Notice ;
----------------
Copyright (C) 2020  Intel Corporation. All rights reserved.
Your use of Intel Corporation's design tools, logic functions 
and other software and tools, and any partner logic 
functions, and any output files from any of the foregoing 
(including device programming or simulation files), and any 
associated documentation or information are expressly subject 
to the terms and conditions of the Intel Program License 
Subscription Agreement, the Intel Quartus Prime License Agreement,
the Intel FPGA IP License Agreement, or other applicable license
agreement, including, without limitation, that your use is for
the sole purpose of programming logic devices manufactured by
Intel and sold by Intel or its authorized distributors.  Please
refer to the applicable agreement for further details, at
https://fpgasoftware.intel.com/eula.



+----------------------------------------------------------------------------------+
; Analysis & Synthesis Summary                                                     ;
+------------------------------------+---------------------------------------------+
; Analysis & Synthesis Status        ; Successful - Wed Mar 10 18:22:59 2021       ;
; Quartus Prime Version              ; 20.1.1 Build 720 11/11/2020 SJ Lite Edition ;
; Revision Name                      ; top_level                                   ;
; Top-level Entity Name              ; top_level                                   ;
; Family                             ; Cyclone IV E                                ;
; Total logic elements               ; 3,922                                       ;
;     Total combinational functions  ; 1,866                                       ;
;     Dedicated logic registers      ; 2,106                                       ;
; Total registers                    ; 2106                                        ;
; Total pins                         ; 4                                           ;
; Total virtual pins                 ; 0                                           ;
; Total memory bits                  ; 0                                           ;
; Embedded Multiplier 9-bit elements ; 0                                           ;
; Total PLLs                         ; 0                                           ;
+------------------------------------+---------------------------------------------+


+------------------------------------------------------------------------------------------------------------+
; Analysis & Synthesis Settings                                                                              ;
+------------------------------------------------------------------+--------------------+--------------------+
; Option                                                           ; Setting            ; Default Value      ;
+------------------------------------------------------------------+--------------------+--------------------+
; Top-level entity name                                            ; top_level          ; top_level          ;
; Family name                                                      ; Cyclone IV E       ; Cyclone V          ;
; Use smart compilation                                            ; Off                ; Off                ;
; Enable parallel Assembler and Timing Analyzer during compilation ; On                 ; On                 ;
; Enable compact report table                                      ; Off                ; Off                ;
; Restructure Multiplexers                                         ; Auto               ; Auto               ;
; Create Debugging Nodes for IP Cores                              ; Off                ; Off                ;
; Preserve fewer node names                                        ; On                 ; On                 ;
; Intel FPGA IP Evaluation Mode                                    ; Enable             ; Enable             ;
; Verilog Version                                                  ; Verilog_2001       ; Verilog_2001       ;
; VHDL Version                                                     ; VHDL_1993          ; VHDL_1993          ;
; State Machine Processing                                         ; Auto               ; Auto               ;
; Safe State Machine                                               ; Off                ; Off                ;
; Extract Verilog State Machines                                   ; On                 ; On                 ;
; Extract VHDL State Machines                                      ; On                 ; On                 ;
; Ignore Verilog initial constructs                                ; Off                ; Off                ;
; Iteration limit for constant Verilog loops                       ; 5000               ; 5000               ;
; Iteration limit for non-constant Verilog loops                   ; 250                ; 250                ;
; Add Pass-Through Logic to Inferred RAMs                          ; On                 ; On                 ;
; Infer RAMs from Raw Logic                                        ; On                 ; On                 ;
; Parallel Synthesis                                               ; On                 ; On                 ;
; DSP Block Balancing                                              ; Auto               ; Auto               ;
; NOT Gate Push-Back                                               ; On                 ; On                 ;
; Power-Up Don't Care                                              ; On                 ; On                 ;
; Remove Redundant Logic Cells                                     ; Off                ; Off                ;
; Remove Duplicate Registers                                       ; On                 ; On                 ;
; Ignore CARRY Buffers                                             ; Off                ; Off                ;
; Ignore CASCADE Buffers                                           ; Off                ; Off                ;
; Ignore GLOBAL Buffers                                            ; Off                ; Off                ;
; Ignore ROW GLOBAL Buffers                                        ; Off                ; Off                ;
; Ignore LCELL Buffers                                             ; Off                ; Off                ;
; Ignore SOFT Buffers                                              ; On                 ; On                 ;
; Limit AHDL Integers to 32 Bits                                   ; Off                ; Off                ;
; Optimization Technique                                           ; Balanced           ; Balanced           ;
; Carry Chain Length                                               ; 70                 ; 70                 ;
; Auto Carry Chains                                                ; On                 ; On                 ;
; Auto Open-Drain Pins                                             ; On                 ; On                 ;
; Perform WYSIWYG Primitive Resynthesis                            ; Off                ; Off                ;
; Auto ROM Replacement                                             ; On                 ; On                 ;
; Auto RAM Replacement                                             ; On                 ; On                 ;
; Auto DSP Block Replacement                                       ; On                 ; On                 ;
; Auto Shift Register Replacement                                  ; Auto               ; Auto               ;
; Allow Shift Register Merging across Hierarchies                  ; Auto               ; Auto               ;
; Auto Clock Enable Replacement                                    ; On                 ; On                 ;
; Strict RAM Replacement                                           ; Off                ; Off                ;
; Allow Synchronous Control Signals                                ; On                 ; On                 ;
; Force Use of Synchronous Clear Signals                           ; Off                ; Off                ;
; Auto RAM Block Balancing                                         ; On                 ; On                 ;
; Auto RAM to Logic Cell Conversion                                ; Off                ; Off                ;
; Auto Resource Sharing                                            ; Off                ; Off                ;
; Allow Any RAM Size For Recognition                               ; Off                ; Off                ;
; Allow Any ROM Size For Recognition                               ; Off                ; Off                ;
; Allow Any Shift Register Size For Recognition                    ; Off                ; Off                ;
; Use LogicLock Constraints during Resource Balancing              ; On                 ; On                 ;
; Ignore translate_off and synthesis_off directives                ; Off                ; Off                ;
; Timing-Driven Synthesis                                          ; On                 ; On                 ;
; Report Parameter Settings                                        ; On                 ; On                 ;
; Report Source Assignments                                        ; On                 ; On                 ;
; Report Connectivity Checks                                       ; On                 ; On                 ;
; Ignore Maximum Fan-Out Assignments                               ; Off                ; Off                ;
; Synchronization Register Chain Length                            ; 2                  ; 2                  ;
; Power Optimization During Synthesis                              ; Normal compilation ; Normal compilation ;
; HDL message level                                                ; Level2             ; Level2             ;
; Suppress Register Optimization Related Messages                  ; Off                ; Off                ;
; Number of Removed Registers Reported in Synthesis Report         ; 5000               ; 5000               ;
; Number of Swept Nodes Reported in Synthesis Report               ; 5000               ; 5000               ;
; Number of Inverted Registers Reported in Synthesis Report        ; 100                ; 100                ;
; Clock MUX Protection                                             ; On                 ; On                 ;
; Auto Gated Clock Conversion                                      ; Off                ; Off                ;
; Block Design Naming                                              ; Auto               ; Auto               ;
; SDC constraint protection                                        ; Off                ; Off                ;
; Synthesis Effort                                                 ; Auto               ; Auto               ;
; Shift Register Replacement - Allow Asynchronous Clear Signal     ; On                 ; On                 ;
; Pre-Mapping Resynthesis Optimization                             ; Off                ; Off                ;
; Analysis & Synthesis Message Level                               ; Medium             ; Medium             ;
; Disable Register Merging Across Hierarchies                      ; Auto               ; Auto               ;
; Resource Aware Inference For Block RAM                           ; On                 ; On                 ;
+------------------------------------------------------------------+--------------------+--------------------+


+------------------------------------------+
; Parallel Compilation                     ;
+----------------------------+-------------+
; Processors                 ; Number      ;
+----------------------------+-------------+
; Number detected on machine ; 12          ;
; Maximum allowed            ; 12          ;
;                            ;             ;
; Average used               ; 1.01        ;
; Maximum used               ; 12          ;
;                            ;             ;
; Usage by Processor         ; % Time Used ;
;     Processor 1            ; 100.0%      ;
;     Processor 2            ;   0.1%      ;
;     Processor 3            ;   0.1%      ;
;     Processor 4            ;   0.1%      ;
;     Processor 5            ;   0.1%      ;
;     Processor 6            ;   0.1%      ;
;     Processor 7            ;   0.1%      ;
;     Processor 8            ;   0.1%      ;
;     Processors 9-12        ;   0.0%      ;
+----------------------------+-------------+


+--------------------------------------------------------------------------------------------------------------------------------------------------------------------+
; Analysis & Synthesis Source Files Read                                                                                                                             ;
+----------------------------------+-----------------+------------------------------+----------------------------------------------------------------------+---------+
; File Name with User-Entered Path ; Used in Netlist ; File Type                    ; File Name with Absolute Path                                         ; Library ;
+----------------------------------+-----------------+------------------------------+----------------------------------------------------------------------+---------+
; top_level.sv                     ; yes             ; User SystemVerilog HDL File  ; C:/Users/Diego/Desktop/lucas_processor/verilog_code/top_level.sv     ;         ;
; RegFile.sv                       ; yes             ; User SystemVerilog HDL File  ; C:/Users/Diego/Desktop/lucas_processor/verilog_code/RegFile.sv       ;         ;
; InstROM.sv                       ; yes             ; User SystemVerilog HDL File  ; C:/Users/Diego/Desktop/lucas_processor/verilog_code/InstROM.sv       ;         ;
; InstFetch.sv                     ; yes             ; User SystemVerilog HDL File  ; C:/Users/Diego/Desktop/lucas_processor/verilog_code/InstFetch.sv     ;         ;
; Definitions.sv                   ; yes             ; User SystemVerilog HDL File  ; C:/Users/Diego/Desktop/lucas_processor/verilog_code/Definitions.sv   ;         ;
; data_mem.sv                      ; yes             ; User SystemVerilog HDL File  ; C:/Users/Diego/Desktop/lucas_processor/verilog_code/data_mem.sv      ;         ;
; Ctrl.sv                          ; yes             ; User SystemVerilog HDL File  ; C:/Users/Diego/Desktop/lucas_processor/verilog_code/Ctrl.sv          ;         ;
; ALU.sv                           ; yes             ; User SystemVerilog HDL File  ; C:/Users/Diego/Desktop/lucas_processor/verilog_code/ALU.sv           ;         ;
; machine_code.txt                 ; yes             ; Auto-Found File              ; C:/Users/Diego/Desktop/lucas_processor/verilog_code/machine_code.txt ;         ;
+----------------------------------+-----------------+------------------------------+----------------------------------------------------------------------+---------+


+---------------------------------------------------------+
; Analysis & Synthesis Resource Usage Summary             ;
+---------------------------------------------+-----------+
; Resource                                    ; Usage     ;
+---------------------------------------------+-----------+
; Estimated Total logic elements              ; 3,922     ;
;                                             ;           ;
; Total combinational functions               ; 1866      ;
; Logic element usage by number of LUT inputs ;           ;
;     -- 4 input functions                    ; 1772      ;
;     -- 3 input functions                    ; 80        ;
;     -- <=2 input functions                  ; 14        ;
;                                             ;           ;
; Logic elements by mode                      ;           ;
;     -- normal mode                          ; 1842      ;
;     -- arithmetic mode                      ; 24        ;
;                                             ;           ;
; Total registers                             ; 2106      ;
;     -- Dedicated logic registers            ; 2106      ;
;     -- I/O registers                        ; 0         ;
;                                             ;           ;
; I/O pins                                    ; 4         ;
;                                             ;           ;
; Embedded Multiplier 9-bit elements          ; 0         ;
;                                             ;           ;
; Maximum fan-out node                        ; clk~input ;
; Maximum fan-out                             ; 2106      ;
; Total fan-out                               ; 13702     ;
; Average fan-out                             ; 3.44      ;
+---------------------------------------------+-----------+


+---------------------------------------------------------------------------------------------------------------------------------------------------------------------------------------------------------------+
; Analysis & Synthesis Resource Utilization by Entity                                                                                                                                                           ;
+----------------------------+---------------------+---------------------------+-------------+--------------+---------+-----------+------+--------------+--------------------------+-------------+--------------+
; Compilation Hierarchy Node ; Combinational ALUTs ; Dedicated Logic Registers ; Memory Bits ; DSP Elements ; DSP 9x9 ; DSP 18x18 ; Pins ; Virtual Pins ; Full Hierarchy Name      ; Entity Name ; Library Name ;
+----------------------------+---------------------+---------------------------+-------------+--------------+---------+-----------+------+--------------+--------------------------+-------------+--------------+
; |top_level                 ; 1866 (894)          ; 2106 (0)                  ; 0           ; 0            ; 0       ; 0         ; 4    ; 0            ; |top_level               ; top_level   ; work         ;
;    |ALU:ALU1|              ; 53 (53)             ; 0 (0)                     ; 0           ; 0            ; 0       ; 0         ; 0    ; 0            ; |top_level|ALU:ALU1      ; ALU         ; work         ;
;    |Ctrl:Ctrl1|            ; 2 (2)               ; 0 (0)                     ; 0           ; 0            ; 0       ; 0         ; 0    ; 0            ; |top_level|Ctrl:Ctrl1    ; Ctrl        ; work         ;
;    |InstFetch:IF1|         ; 20 (20)             ; 10 (10)                   ; 0           ; 0            ; 0       ; 0         ; 0    ; 0            ; |top_level|InstFetch:IF1 ; InstFetch   ; work         ;
;    |InstROM:IR1|           ; 17 (17)             ; 0 (0)                     ; 0           ; 0            ; 0       ; 0         ; 0    ; 0            ; |top_level|InstROM:IR1   ; InstROM     ; work         ;
;    |RegFile:RF1|           ; 74 (74)             ; 48 (48)                   ; 0           ; 0            ; 0       ; 0         ; 0    ; 0            ; |top_level|RegFile:RF1   ; RegFile     ; work         ;
;    |data_mem:DM|           ; 806 (806)           ; 2048 (2048)               ; 0           ; 0            ; 0       ; 0         ; 0    ; 0            ; |top_level|data_mem:DM   ; data_mem    ; work         ;
+----------------------------+---------------------+---------------------------+-------------+--------------+---------+-----------+------+--------------+--------------------------+-------------+--------------+
Note: For table entries with two numbers listed, the numbers in parentheses indicate the number of resources of the given type used by the specific entity alone. The numbers listed outside of parentheses indicate the total resources of the given type used by the specific entity and all of its sub-entities in the hierarchy.


+--------------------------------------------------------------------------------------+
; Registers Removed During Synthesis                                                   ;
+----------------------------------------+---------------------------------------------+
; Register name                          ; Reason for Removal                          ;
+----------------------------------------+---------------------------------------------+
; RegFile:RF1|Registers[4][0]            ; Stuck at GND due to stuck port clock_enable ;
; RegFile:RF1|Registers[5][0]            ; Stuck at GND due to stuck port clock_enable ;
; RegFile:RF1|Registers[6][0]            ; Stuck at GND due to stuck port clock_enable ;
; RegFile:RF1|Registers[7][0]            ; Stuck at GND due to stuck port clock_enable ;
; RegFile:RF1|Registers[10][0]           ; Stuck at GND due to stuck port clock_enable ;
; RegFile:RF1|Registers[11][0]           ; Stuck at GND due to stuck port clock_enable ;
; RegFile:RF1|Registers[12][0]           ; Stuck at GND due to stuck port clock_enable ;
; RegFile:RF1|Registers[13][0]           ; Stuck at GND due to stuck port clock_enable ;
; RegFile:RF1|Registers[14][0]           ; Stuck at GND due to stuck port clock_enable ;
; RegFile:RF1|Registers[15][0]           ; Stuck at GND due to stuck port clock_enable ;
; RegFile:RF1|Registers[4][1]            ; Stuck at GND due to stuck port clock_enable ;
; RegFile:RF1|Registers[5][1]            ; Stuck at GND due to stuck port clock_enable ;
; RegFile:RF1|Registers[6][1]            ; Stuck at GND due to stuck port clock_enable ;
; RegFile:RF1|Registers[7][1]            ; Stuck at GND due to stuck port clock_enable ;
; RegFile:RF1|Registers[10][1]           ; Stuck at GND due to stuck port clock_enable ;
; RegFile:RF1|Registers[11][1]           ; Stuck at GND due to stuck port clock_enable ;
; RegFile:RF1|Registers[12][1]           ; Stuck at GND due to stuck port clock_enable ;
; RegFile:RF1|Registers[13][1]           ; Stuck at GND due to stuck port clock_enable ;
; RegFile:RF1|Registers[14][1]           ; Stuck at GND due to stuck port clock_enable ;
; RegFile:RF1|Registers[15][1]           ; Stuck at GND due to stuck port clock_enable ;
; RegFile:RF1|Registers[4][2]            ; Stuck at GND due to stuck port clock_enable ;
; RegFile:RF1|Registers[5][2]            ; Stuck at GND due to stuck port clock_enable ;
; RegFile:RF1|Registers[6][2]            ; Stuck at GND due to stuck port clock_enable ;
; RegFile:RF1|Registers[7][2]            ; Stuck at GND due to stuck port clock_enable ;
; RegFile:RF1|Registers[10][2]           ; Stuck at GND due to stuck port clock_enable ;
; RegFile:RF1|Registers[11][2]           ; Stuck at GND due to stuck port clock_enable ;
; RegFile:RF1|Registers[12][2]           ; Stuck at GND due to stuck port clock_enable ;
; RegFile:RF1|Registers[13][2]           ; Stuck at GND due to stuck port clock_enable ;
; RegFile:RF1|Registers[14][2]           ; Stuck at GND due to stuck port clock_enable ;
; RegFile:RF1|Registers[15][2]           ; Stuck at GND due to stuck port clock_enable ;
; RegFile:RF1|Registers[4][3]            ; Stuck at GND due to stuck port clock_enable ;
; RegFile:RF1|Registers[5][3]            ; Stuck at GND due to stuck port clock_enable ;
; RegFile:RF1|Registers[6][3]            ; Stuck at GND due to stuck port clock_enable ;
; RegFile:RF1|Registers[7][3]            ; Stuck at GND due to stuck port clock_enable ;
; RegFile:RF1|Registers[10][3]           ; Stuck at GND due to stuck port clock_enable ;
; RegFile:RF1|Registers[11][3]           ; Stuck at GND due to stuck port clock_enable ;
; RegFile:RF1|Registers[12][3]           ; Stuck at GND due to stuck port clock_enable ;
; RegFile:RF1|Registers[13][3]           ; Stuck at GND due to stuck port clock_enable ;
; RegFile:RF1|Registers[14][3]           ; Stuck at GND due to stuck port clock_enable ;
; RegFile:RF1|Registers[15][3]           ; Stuck at GND due to stuck port clock_enable ;
; RegFile:RF1|Registers[4][4]            ; Stuck at GND due to stuck port clock_enable ;
; RegFile:RF1|Registers[5][4]            ; Stuck at GND due to stuck port clock_enable ;
; RegFile:RF1|Registers[6][4]            ; Stuck at GND due to stuck port clock_enable ;
; RegFile:RF1|Registers[7][4]            ; Stuck at GND due to stuck port clock_enable ;
; RegFile:RF1|Registers[10][4]           ; Stuck at GND due to stuck port clock_enable ;
; RegFile:RF1|Registers[11][4]           ; Stuck at GND due to stuck port clock_enable ;
; RegFile:RF1|Registers[12][4]           ; Stuck at GND due to stuck port clock_enable ;
; RegFile:RF1|Registers[13][4]           ; Stuck at GND due to stuck port clock_enable ;
; RegFile:RF1|Registers[14][4]           ; Stuck at GND due to stuck port clock_enable ;
; RegFile:RF1|Registers[15][4]           ; Stuck at GND due to stuck port clock_enable ;
; RegFile:RF1|Registers[4][5]            ; Stuck at GND due to stuck port clock_enable ;
; RegFile:RF1|Registers[5][5]            ; Stuck at GND due to stuck port clock_enable ;
; RegFile:RF1|Registers[6][5]            ; Stuck at GND due to stuck port clock_enable ;
; RegFile:RF1|Registers[7][5]            ; Stuck at GND due to stuck port clock_enable ;
; RegFile:RF1|Registers[10][5]           ; Stuck at GND due to stuck port clock_enable ;
; RegFile:RF1|Registers[11][5]           ; Stuck at GND due to stuck port clock_enable ;
; RegFile:RF1|Registers[12][5]           ; Stuck at GND due to stuck port clock_enable ;
; RegFile:RF1|Registers[13][5]           ; Stuck at GND due to stuck port clock_enable ;
; RegFile:RF1|Registers[14][5]           ; Stuck at GND due to stuck port clock_enable ;
; RegFile:RF1|Registers[15][5]           ; Stuck at GND due to stuck port clock_enable ;
; RegFile:RF1|Registers[4][6]            ; Stuck at GND due to stuck port clock_enable ;
; RegFile:RF1|Registers[5][6]            ; Stuck at GND due to stuck port clock_enable ;
; RegFile:RF1|Registers[6][6]            ; Stuck at GND due to stuck port clock_enable ;
; RegFile:RF1|Registers[7][6]            ; Stuck at GND due to stuck port clock_enable ;
; RegFile:RF1|Registers[10][6]           ; Stuck at GND due to stuck port clock_enable ;
; RegFile:RF1|Registers[11][6]           ; Stuck at GND due to stuck port clock_enable ;
; RegFile:RF1|Registers[12][6]           ; Stuck at GND due to stuck port clock_enable ;
; RegFile:RF1|Registers[13][6]           ; Stuck at GND due to stuck port clock_enable ;
; RegFile:RF1|Registers[14][6]           ; Stuck at GND due to stuck port clock_enable ;
; RegFile:RF1|Registers[15][6]           ; Stuck at GND due to stuck port clock_enable ;
; RegFile:RF1|Registers[4][7]            ; Stuck at GND due to stuck port clock_enable ;
; RegFile:RF1|Registers[5][7]            ; Stuck at GND due to stuck port clock_enable ;
; RegFile:RF1|Registers[6][7]            ; Stuck at GND due to stuck port clock_enable ;
; RegFile:RF1|Registers[7][7]            ; Stuck at GND due to stuck port clock_enable ;
; RegFile:RF1|Registers[10][7]           ; Stuck at GND due to stuck port clock_enable ;
; RegFile:RF1|Registers[11][7]           ; Stuck at GND due to stuck port clock_enable ;
; RegFile:RF1|Registers[12][7]           ; Stuck at GND due to stuck port clock_enable ;
; RegFile:RF1|Registers[13][7]           ; Stuck at GND due to stuck port clock_enable ;
; RegFile:RF1|Registers[14][7]           ; Stuck at GND due to stuck port clock_enable ;
; RegFile:RF1|Registers[15][7]           ; Stuck at GND due to stuck port clock_enable ;
; Total Number of Removed Registers = 80 ;                                             ;
+----------------------------------------+---------------------------------------------+


+------------------------------------------------------+
; General Register Statistics                          ;
+----------------------------------------------+-------+
; Statistic                                    ; Value ;
+----------------------------------------------+-------+
; Total registers                              ; 2106  ;
; Number of registers using Synchronous Clear  ; 10    ;
; Number of registers using Synchronous Load   ; 7     ;
; Number of registers using Asynchronous Clear ; 0     ;
; Number of registers using Asynchronous Load  ; 0     ;
; Number of registers using Clock Enable       ; 2105  ;
; Number of registers using Preset             ; 0     ;
+----------------------------------------------+-------+


+------------------------------------------------------------------------------------------------------------------------------------------------------+
; Multiplexer Restructuring Statistics (Restructuring Performed)                                                                                       ;
+--------------------+-----------+---------------+----------------------+------------------------+------------+----------------------------------------+
; Multiplexer Inputs ; Bus Width ; Baseline Area ; Area if Restructured ; Saving if Restructured ; Registered ; Example Multiplexer Output             ;
+--------------------+-----------+---------------+----------------------+------------------------+------------+----------------------------------------+
; 3:1                ; 10 bits   ; 20 LEs        ; 10 LEs               ; 10 LEs                 ; Yes        ; |top_level|InstFetch:IF1|ProgCtr[0]    ;
; 3:1                ; 8 bits    ; 16 LEs        ; 8 LEs                ; 8 LEs                  ; Yes        ; |top_level|data_mem:DM|core[0][6]      ;
; 3:1                ; 8 bits    ; 16 LEs        ; 8 LEs                ; 8 LEs                  ; Yes        ; |top_level|data_mem:DM|core[1][4]      ;
; 3:1                ; 8 bits    ; 16 LEs        ; 8 LEs                ; 8 LEs                  ; Yes        ; |top_level|data_mem:DM|core[2][3]      ;
; 3:1                ; 8 bits    ; 16 LEs        ; 8 LEs                ; 8 LEs                  ; Yes        ; |top_level|data_mem:DM|core[3][7]      ;
; 3:1                ; 8 bits    ; 16 LEs        ; 8 LEs                ; 8 LEs                  ; Yes        ; |top_level|data_mem:DM|core[4][5]      ;
; 3:1                ; 8 bits    ; 16 LEs        ; 8 LEs                ; 8 LEs                  ; Yes        ; |top_level|data_mem:DM|core[5][4]      ;
; 3:1                ; 8 bits    ; 16 LEs        ; 8 LEs                ; 8 LEs                  ; Yes        ; |top_level|data_mem:DM|core[6][7]      ;
; 3:1                ; 8 bits    ; 16 LEs        ; 8 LEs                ; 8 LEs                  ; Yes        ; |top_level|data_mem:DM|core[7][2]      ;
; 3:1                ; 8 bits    ; 16 LEs        ; 8 LEs                ; 8 LEs                  ; Yes        ; |top_level|data_mem:DM|core[8][2]      ;
; 3:1                ; 8 bits    ; 16 LEs        ; 8 LEs                ; 8 LEs                  ; Yes        ; |top_level|data_mem:DM|core[9][2]      ;
; 3:1                ; 8 bits    ; 16 LEs        ; 8 LEs                ; 8 LEs                  ; Yes        ; |top_level|data_mem:DM|core[10][1]     ;
; 3:1                ; 8 bits    ; 16 LEs        ; 8 LEs                ; 8 LEs                  ; Yes        ; |top_level|data_mem:DM|core[11][5]     ;
; 3:1                ; 8 bits    ; 16 LEs        ; 8 LEs                ; 8 LEs                  ; Yes        ; |top_level|data_mem:DM|core[12][6]     ;
; 3:1                ; 8 bits    ; 16 LEs        ; 8 LEs                ; 8 LEs                  ; Yes        ; |top_level|data_mem:DM|core[13][7]     ;
; 3:1                ; 8 bits    ; 16 LEs        ; 8 LEs                ; 8 LEs                  ; Yes        ; |top_level|data_mem:DM|core[14][7]     ;
; 3:1                ; 8 bits    ; 16 LEs        ; 8 LEs                ; 8 LEs                  ; Yes        ; |top_level|data_mem:DM|core[15][7]     ;
; 3:1                ; 8 bits    ; 16 LEs        ; 8 LEs                ; 8 LEs                  ; Yes        ; |top_level|data_mem:DM|core[16][0]     ;
; 3:1                ; 8 bits    ; 16 LEs        ; 8 LEs                ; 8 LEs                  ; Yes        ; |top_level|data_mem:DM|core[17][5]     ;
; 3:1                ; 8 bits    ; 16 LEs        ; 8 LEs                ; 8 LEs                  ; Yes        ; |top_level|data_mem:DM|core[18][0]     ;
; 3:1                ; 8 bits    ; 16 LEs        ; 8 LEs                ; 8 LEs                  ; Yes        ; |top_level|data_mem:DM|core[19][5]     ;
; 3:1                ; 8 bits    ; 16 LEs        ; 8 LEs                ; 8 LEs                  ; Yes        ; |top_level|data_mem:DM|core[20][0]     ;
; 3:1                ; 8 bits    ; 16 LEs        ; 8 LEs                ; 8 LEs                  ; Yes        ; |top_level|data_mem:DM|core[21][1]     ;
; 3:1                ; 8 bits    ; 16 LEs        ; 8 LEs                ; 8 LEs                  ; Yes        ; |top_level|data_mem:DM|core[22][4]     ;
; 3:1                ; 8 bits    ; 16 LEs        ; 8 LEs                ; 8 LEs                  ; Yes        ; |top_level|data_mem:DM|core[23][3]     ;
; 3:1                ; 8 bits    ; 16 LEs        ; 8 LEs                ; 8 LEs                  ; Yes        ; |top_level|data_mem:DM|core[24][0]     ;
; 3:1                ; 8 bits    ; 16 LEs        ; 8 LEs                ; 8 LEs                  ; Yes        ; |top_level|data_mem:DM|core[25][0]     ;
; 3:1                ; 8 bits    ; 16 LEs        ; 8 LEs                ; 8 LEs                  ; Yes        ; |top_level|data_mem:DM|core[26][0]     ;
; 3:1                ; 8 bits    ; 16 LEs        ; 8 LEs                ; 8 LEs                  ; Yes        ; |top_level|data_mem:DM|core[27][7]     ;
; 3:1                ; 8 bits    ; 16 LEs        ; 8 LEs                ; 8 LEs                  ; Yes        ; |top_level|data_mem:DM|core[28][7]     ;
; 3:1                ; 8 bits    ; 16 LEs        ; 8 LEs                ; 8 LEs                  ; Yes        ; |top_level|data_mem:DM|core[29][7]     ;
; 3:1                ; 8 bits    ; 16 LEs        ; 8 LEs                ; 8 LEs                  ; Yes        ; |top_level|data_mem:DM|core[30][7]     ;
; 3:1                ; 8 bits    ; 16 LEs        ; 8 LEs                ; 8 LEs                  ; Yes        ; |top_level|data_mem:DM|core[31][7]     ;
; 3:1                ; 8 bits    ; 16 LEs        ; 8 LEs                ; 8 LEs                  ; Yes        ; |top_level|data_mem:DM|core[32][5]     ;
; 3:1                ; 8 bits    ; 16 LEs        ; 8 LEs                ; 8 LEs                  ; Yes        ; |top_level|data_mem:DM|core[33][7]     ;
; 3:1                ; 8 bits    ; 16 LEs        ; 8 LEs                ; 8 LEs                  ; Yes        ; |top_level|data_mem:DM|core[34][7]     ;
; 3:1                ; 8 bits    ; 16 LEs        ; 8 LEs                ; 8 LEs                  ; Yes        ; |top_level|data_mem:DM|core[35][0]     ;
; 3:1                ; 8 bits    ; 16 LEs        ; 8 LEs                ; 8 LEs                  ; Yes        ; |top_level|data_mem:DM|core[36][7]     ;
; 3:1                ; 8 bits    ; 16 LEs        ; 8 LEs                ; 8 LEs                  ; Yes        ; |top_level|data_mem:DM|core[37][1]     ;
; 3:1                ; 8 bits    ; 16 LEs        ; 8 LEs                ; 8 LEs                  ; Yes        ; |top_level|data_mem:DM|core[38][7]     ;
; 3:1                ; 8 bits    ; 16 LEs        ; 8 LEs                ; 8 LEs                  ; Yes        ; |top_level|data_mem:DM|core[39][6]     ;
; 3:1                ; 8 bits    ; 16 LEs        ; 8 LEs                ; 8 LEs                  ; Yes        ; |top_level|data_mem:DM|core[40][7]     ;
; 3:1                ; 8 bits    ; 16 LEs        ; 8 LEs                ; 8 LEs                  ; Yes        ; |top_level|data_mem:DM|core[41][7]     ;
; 3:1                ; 8 bits    ; 16 LEs        ; 8 LEs                ; 8 LEs                  ; Yes        ; |top_level|data_mem:DM|core[42][7]     ;
; 3:1                ; 8 bits    ; 16 LEs        ; 8 LEs                ; 8 LEs                  ; Yes        ; |top_level|data_mem:DM|core[43][7]     ;
; 3:1                ; 8 bits    ; 16 LEs        ; 8 LEs                ; 8 LEs                  ; Yes        ; |top_level|data_mem:DM|core[44][2]     ;
; 3:1                ; 8 bits    ; 16 LEs        ; 8 LEs                ; 8 LEs                  ; Yes        ; |top_level|data_mem:DM|core[45][4]     ;
; 3:1                ; 8 bits    ; 16 LEs        ; 8 LEs                ; 8 LEs                  ; Yes        ; |top_level|data_mem:DM|core[46][4]     ;
; 3:1                ; 8 bits    ; 16 LEs        ; 8 LEs                ; 8 LEs                  ; Yes        ; |top_level|data_mem:DM|core[47][4]     ;
; 3:1                ; 8 bits    ; 16 LEs        ; 8 LEs                ; 8 LEs                  ; Yes        ; |top_level|data_mem:DM|core[48][7]     ;
; 3:1                ; 8 bits    ; 16 LEs        ; 8 LEs                ; 8 LEs                  ; Yes        ; |top_level|data_mem:DM|core[49][1]     ;
; 3:1                ; 8 bits    ; 16 LEs        ; 8 LEs                ; 8 LEs                  ; Yes        ; |top_level|data_mem:DM|core[50][5]     ;
; 3:1                ; 8 bits    ; 16 LEs        ; 8 LEs                ; 8 LEs                  ; Yes        ; |top_level|data_mem:DM|core[51][7]     ;
; 3:1                ; 8 bits    ; 16 LEs        ; 8 LEs                ; 8 LEs                  ; Yes        ; |top_level|data_mem:DM|core[52][3]     ;
; 3:1                ; 8 bits    ; 16 LEs        ; 8 LEs                ; 8 LEs                  ; Yes        ; |top_level|data_mem:DM|core[53][0]     ;
; 3:1                ; 8 bits    ; 16 LEs        ; 8 LEs                ; 8 LEs                  ; Yes        ; |top_level|data_mem:DM|core[54][4]     ;
; 3:1                ; 8 bits    ; 16 LEs        ; 8 LEs                ; 8 LEs                  ; Yes        ; |top_level|data_mem:DM|core[55][0]     ;
; 3:1                ; 8 bits    ; 16 LEs        ; 8 LEs                ; 8 LEs                  ; Yes        ; |top_level|data_mem:DM|core[56][3]     ;
; 3:1                ; 8 bits    ; 16 LEs        ; 8 LEs                ; 8 LEs                  ; Yes        ; |top_level|data_mem:DM|core[57][2]     ;
; 3:1                ; 8 bits    ; 16 LEs        ; 8 LEs                ; 8 LEs                  ; Yes        ; |top_level|data_mem:DM|core[58][5]     ;
; 3:1                ; 8 bits    ; 16 LEs        ; 8 LEs                ; 8 LEs                  ; Yes        ; |top_level|data_mem:DM|core[59][7]     ;
; 3:1                ; 8 bits    ; 16 LEs        ; 8 LEs                ; 8 LEs                  ; Yes        ; |top_level|data_mem:DM|core[60][1]     ;
; 3:1                ; 8 bits    ; 16 LEs        ; 8 LEs                ; 8 LEs                  ; Yes        ; |top_level|data_mem:DM|core[61][2]     ;
; 3:1                ; 8 bits    ; 16 LEs        ; 8 LEs                ; 8 LEs                  ; Yes        ; |top_level|data_mem:DM|core[62][3]     ;
; 3:1                ; 8 bits    ; 16 LEs        ; 8 LEs                ; 8 LEs                  ; Yes        ; |top_level|data_mem:DM|core[63][1]     ;
; 3:1                ; 8 bits    ; 16 LEs        ; 8 LEs                ; 8 LEs                  ; Yes        ; |top_level|data_mem:DM|core[64][6]     ;
; 3:1                ; 8 bits    ; 16 LEs        ; 8 LEs                ; 8 LEs                  ; Yes        ; |top_level|data_mem:DM|core[65][2]     ;
; 3:1                ; 8 bits    ; 16 LEs        ; 8 LEs                ; 8 LEs                  ; Yes        ; |top_level|data_mem:DM|core[66][4]     ;
; 3:1                ; 8 bits    ; 16 LEs        ; 8 LEs                ; 8 LEs                  ; Yes        ; |top_level|data_mem:DM|core[67][7]     ;
; 3:1                ; 8 bits    ; 16 LEs        ; 8 LEs                ; 8 LEs                  ; Yes        ; |top_level|data_mem:DM|core[68][1]     ;
; 3:1                ; 8 bits    ; 16 LEs        ; 8 LEs                ; 8 LEs                  ; Yes        ; |top_level|data_mem:DM|core[69][4]     ;
; 3:1                ; 8 bits    ; 16 LEs        ; 8 LEs                ; 8 LEs                  ; Yes        ; |top_level|data_mem:DM|core[70][6]     ;
; 3:1                ; 8 bits    ; 16 LEs        ; 8 LEs                ; 8 LEs                  ; Yes        ; |top_level|data_mem:DM|core[71][3]     ;
; 3:1                ; 8 bits    ; 16 LEs        ; 8 LEs                ; 8 LEs                  ; Yes        ; |top_level|data_mem:DM|core[72][7]     ;
; 3:1                ; 8 bits    ; 16 LEs        ; 8 LEs                ; 8 LEs                  ; Yes        ; |top_level|data_mem:DM|core[73][1]     ;
; 3:1                ; 8 bits    ; 16 LEs        ; 8 LEs                ; 8 LEs                  ; Yes        ; |top_level|data_mem:DM|core[74][4]     ;
; 3:1                ; 8 bits    ; 16 LEs        ; 8 LEs                ; 8 LEs                  ; Yes        ; |top_level|data_mem:DM|core[75][4]     ;
; 3:1                ; 8 bits    ; 16 LEs        ; 8 LEs                ; 8 LEs                  ; Yes        ; |top_level|data_mem:DM|core[76][2]     ;
; 3:1                ; 8 bits    ; 16 LEs        ; 8 LEs                ; 8 LEs                  ; Yes        ; |top_level|data_mem:DM|core[77][4]     ;
; 3:1                ; 8 bits    ; 16 LEs        ; 8 LEs                ; 8 LEs                  ; Yes        ; |top_level|data_mem:DM|core[78][4]     ;
; 3:1                ; 8 bits    ; 16 LEs        ; 8 LEs                ; 8 LEs                  ; Yes        ; |top_level|data_mem:DM|core[79][7]     ;
; 3:1                ; 8 bits    ; 16 LEs        ; 8 LEs                ; 8 LEs                  ; Yes        ; |top_level|data_mem:DM|core[80][4]     ;
; 3:1                ; 8 bits    ; 16 LEs        ; 8 LEs                ; 8 LEs                  ; Yes        ; |top_level|data_mem:DM|core[81][2]     ;
; 3:1                ; 8 bits    ; 16 LEs        ; 8 LEs                ; 8 LEs                  ; Yes        ; |top_level|data_mem:DM|core[82][2]     ;
; 3:1                ; 8 bits    ; 16 LEs        ; 8 LEs                ; 8 LEs                  ; Yes        ; |top_level|data_mem:DM|core[83][2]     ;
; 3:1                ; 8 bits    ; 16 LEs        ; 8 LEs                ; 8 LEs                  ; Yes        ; |top_level|data_mem:DM|core[84][5]     ;
; 3:1                ; 8 bits    ; 16 LEs        ; 8 LEs                ; 8 LEs                  ; Yes        ; |top_level|data_mem:DM|core[85][2]     ;
; 3:1                ; 8 bits    ; 16 LEs        ; 8 LEs                ; 8 LEs                  ; Yes        ; |top_level|data_mem:DM|core[86][7]     ;
; 3:1                ; 8 bits    ; 16 LEs        ; 8 LEs                ; 8 LEs                  ; Yes        ; |top_level|data_mem:DM|core[87][7]     ;
; 3:1                ; 8 bits    ; 16 LEs        ; 8 LEs                ; 8 LEs                  ; Yes        ; |top_level|data_mem:DM|core[88][7]     ;
; 3:1                ; 8 bits    ; 16 LEs        ; 8 LEs                ; 8 LEs                  ; Yes        ; |top_level|data_mem:DM|core[89][3]     ;
; 3:1                ; 8 bits    ; 16 LEs        ; 8 LEs                ; 8 LEs                  ; Yes        ; |top_level|data_mem:DM|core[90][2]     ;
; 3:1                ; 8 bits    ; 16 LEs        ; 8 LEs                ; 8 LEs                  ; Yes        ; |top_level|data_mem:DM|core[91][3]     ;
; 3:1                ; 8 bits    ; 16 LEs        ; 8 LEs                ; 8 LEs                  ; Yes        ; |top_level|data_mem:DM|core[92][3]     ;
; 3:1                ; 8 bits    ; 16 LEs        ; 8 LEs                ; 8 LEs                  ; Yes        ; |top_level|data_mem:DM|core[93][3]     ;
; 3:1                ; 8 bits    ; 16 LEs        ; 8 LEs                ; 8 LEs                  ; Yes        ; |top_level|data_mem:DM|core[94][2]     ;
; 3:1                ; 8 bits    ; 16 LEs        ; 8 LEs                ; 8 LEs                  ; Yes        ; |top_level|data_mem:DM|core[95][2]     ;
; 3:1                ; 8 bits    ; 16 LEs        ; 8 LEs                ; 8 LEs                  ; Yes        ; |top_level|data_mem:DM|core[96][2]     ;
; 3:1                ; 8 bits    ; 16 LEs        ; 8 LEs                ; 8 LEs                  ; Yes        ; |top_level|data_mem:DM|core[97][2]     ;
; 3:1                ; 8 bits    ; 16 LEs        ; 8 LEs                ; 8 LEs                  ; Yes        ; |top_level|data_mem:DM|core[98][3]     ;
; 3:1                ; 8 bits    ; 16 LEs        ; 8 LEs                ; 8 LEs                  ; Yes        ; |top_level|data_mem:DM|core[99][3]     ;
; 3:1                ; 8 bits    ; 16 LEs        ; 8 LEs                ; 8 LEs                  ; Yes        ; |top_level|data_mem:DM|core[100][5]    ;
; 3:1                ; 8 bits    ; 16 LEs        ; 8 LEs                ; 8 LEs                  ; Yes        ; |top_level|data_mem:DM|core[101][1]    ;
; 3:1                ; 8 bits    ; 16 LEs        ; 8 LEs                ; 8 LEs                  ; Yes        ; |top_level|data_mem:DM|core[102][3]    ;
; 3:1                ; 8 bits    ; 16 LEs        ; 8 LEs                ; 8 LEs                  ; Yes        ; |top_level|data_mem:DM|core[103][1]    ;
; 3:1                ; 8 bits    ; 16 LEs        ; 8 LEs                ; 8 LEs                  ; Yes        ; |top_level|data_mem:DM|core[104][2]    ;
; 3:1                ; 8 bits    ; 16 LEs        ; 8 LEs                ; 8 LEs                  ; Yes        ; |top_level|data_mem:DM|core[105][6]    ;
; 3:1                ; 8 bits    ; 16 LEs        ; 8 LEs                ; 8 LEs                  ; Yes        ; |top_level|data_mem:DM|core[106][5]    ;
; 3:1                ; 8 bits    ; 16 LEs        ; 8 LEs                ; 8 LEs                  ; Yes        ; |top_level|data_mem:DM|core[107][7]    ;
; 3:1                ; 8 bits    ; 16 LEs        ; 8 LEs                ; 8 LEs                  ; Yes        ; |top_level|data_mem:DM|core[108][7]    ;
; 3:1                ; 8 bits    ; 16 LEs        ; 8 LEs                ; 8 LEs                  ; Yes        ; |top_level|data_mem:DM|core[109][7]    ;
; 3:1                ; 8 bits    ; 16 LEs        ; 8 LEs                ; 8 LEs                  ; Yes        ; |top_level|data_mem:DM|core[110][3]    ;
; 3:1                ; 8 bits    ; 16 LEs        ; 8 LEs                ; 8 LEs                  ; Yes        ; |top_level|data_mem:DM|core[111][6]    ;
; 3:1                ; 8 bits    ; 16 LEs        ; 8 LEs                ; 8 LEs                  ; Yes        ; |top_level|data_mem:DM|core[112][5]    ;
; 3:1                ; 8 bits    ; 16 LEs        ; 8 LEs                ; 8 LEs                  ; Yes        ; |top_level|data_mem:DM|core[113][2]    ;
; 3:1                ; 8 bits    ; 16 LEs        ; 8 LEs                ; 8 LEs                  ; Yes        ; |top_level|data_mem:DM|core[114][5]    ;
; 3:1                ; 8 bits    ; 16 LEs        ; 8 LEs                ; 8 LEs                  ; Yes        ; |top_level|data_mem:DM|core[115][3]    ;
; 3:1                ; 8 bits    ; 16 LEs        ; 8 LEs                ; 8 LEs                  ; Yes        ; |top_level|data_mem:DM|core[116][3]    ;
; 3:1                ; 8 bits    ; 16 LEs        ; 8 LEs                ; 8 LEs                  ; Yes        ; |top_level|data_mem:DM|core[117][5]    ;
; 3:1                ; 8 bits    ; 16 LEs        ; 8 LEs                ; 8 LEs                  ; Yes        ; |top_level|data_mem:DM|core[118][4]    ;
; 3:1                ; 8 bits    ; 16 LEs        ; 8 LEs                ; 8 LEs                  ; Yes        ; |top_level|data_mem:DM|core[119][3]    ;
; 3:1                ; 8 bits    ; 16 LEs        ; 8 LEs                ; 8 LEs                  ; Yes        ; |top_level|data_mem:DM|core[120][4]    ;
; 3:1                ; 8 bits    ; 16 LEs        ; 8 LEs                ; 8 LEs                  ; Yes        ; |top_level|data_mem:DM|core[121][3]    ;
; 3:1                ; 8 bits    ; 16 LEs        ; 8 LEs                ; 8 LEs                  ; Yes        ; |top_level|data_mem:DM|core[122][6]    ;
; 3:1                ; 8 bits    ; 16 LEs        ; 8 LEs                ; 8 LEs                  ; Yes        ; |top_level|data_mem:DM|core[123][5]    ;
; 3:1                ; 8 bits    ; 16 LEs        ; 8 LEs                ; 8 LEs                  ; Yes        ; |top_level|data_mem:DM|core[124][3]    ;
; 3:1                ; 8 bits    ; 16 LEs        ; 8 LEs                ; 8 LEs                  ; Yes        ; |top_level|data_mem:DM|core[125][7]    ;
; 3:1                ; 8 bits    ; 16 LEs        ; 8 LEs                ; 8 LEs                  ; Yes        ; |top_level|data_mem:DM|core[126][4]    ;
; 3:1                ; 8 bits    ; 16 LEs        ; 8 LEs                ; 8 LEs                  ; Yes        ; |top_level|data_mem:DM|core[127][3]    ;
; 3:1                ; 8 bits    ; 16 LEs        ; 8 LEs                ; 8 LEs                  ; Yes        ; |top_level|data_mem:DM|core[128][2]    ;
; 3:1                ; 8 bits    ; 16 LEs        ; 8 LEs                ; 8 LEs                  ; Yes        ; |top_level|data_mem:DM|core[129][2]    ;
; 3:1                ; 8 bits    ; 16 LEs        ; 8 LEs                ; 8 LEs                  ; Yes        ; |top_level|data_mem:DM|core[130][4]    ;
; 3:1                ; 8 bits    ; 16 LEs        ; 8 LEs                ; 8 LEs                  ; Yes        ; |top_level|data_mem:DM|core[131][2]    ;
; 3:1                ; 8 bits    ; 16 LEs        ; 8 LEs                ; 8 LEs                  ; Yes        ; |top_level|data_mem:DM|core[132][4]    ;
; 3:1                ; 8 bits    ; 16 LEs        ; 8 LEs                ; 8 LEs                  ; Yes        ; |top_level|data_mem:DM|core[133][3]    ;
; 3:1                ; 8 bits    ; 16 LEs        ; 8 LEs                ; 8 LEs                  ; Yes        ; |top_level|data_mem:DM|core[134][3]    ;
; 3:1                ; 8 bits    ; 16 LEs        ; 8 LEs                ; 8 LEs                  ; Yes        ; |top_level|data_mem:DM|core[135][3]    ;
; 3:1                ; 8 bits    ; 16 LEs        ; 8 LEs                ; 8 LEs                  ; Yes        ; |top_level|data_mem:DM|core[136][3]    ;
; 3:1                ; 8 bits    ; 16 LEs        ; 8 LEs                ; 8 LEs                  ; Yes        ; |top_level|data_mem:DM|core[137][0]    ;
; 3:1                ; 8 bits    ; 16 LEs        ; 8 LEs                ; 8 LEs                  ; Yes        ; |top_level|data_mem:DM|core[138][0]    ;
; 3:1                ; 8 bits    ; 16 LEs        ; 8 LEs                ; 8 LEs                  ; Yes        ; |top_level|data_mem:DM|core[139][0]    ;
; 3:1                ; 8 bits    ; 16 LEs        ; 8 LEs                ; 8 LEs                  ; Yes        ; |top_level|data_mem:DM|core[140][2]    ;
; 3:1                ; 8 bits    ; 16 LEs        ; 8 LEs                ; 8 LEs                  ; Yes        ; |top_level|data_mem:DM|core[141][2]    ;
; 3:1                ; 8 bits    ; 16 LEs        ; 8 LEs                ; 8 LEs                  ; Yes        ; |top_level|data_mem:DM|core[142][2]    ;
; 3:1                ; 8 bits    ; 16 LEs        ; 8 LEs                ; 8 LEs                  ; Yes        ; |top_level|data_mem:DM|core[143][2]    ;
; 3:1                ; 8 bits    ; 16 LEs        ; 8 LEs                ; 8 LEs                  ; Yes        ; |top_level|data_mem:DM|core[144][2]    ;
; 3:1                ; 8 bits    ; 16 LEs        ; 8 LEs                ; 8 LEs                  ; Yes        ; |top_level|data_mem:DM|core[145][5]    ;
; 3:1                ; 8 bits    ; 16 LEs        ; 8 LEs                ; 8 LEs                  ; Yes        ; |top_level|data_mem:DM|core[146][2]    ;
; 3:1                ; 8 bits    ; 16 LEs        ; 8 LEs                ; 8 LEs                  ; Yes        ; |top_level|data_mem:DM|core[147][5]    ;
; 3:1                ; 8 bits    ; 16 LEs        ; 8 LEs                ; 8 LEs                  ; Yes        ; |top_level|data_mem:DM|core[148][5]    ;
; 3:1                ; 8 bits    ; 16 LEs        ; 8 LEs                ; 8 LEs                  ; Yes        ; |top_level|data_mem:DM|core[149][7]    ;
; 3:1                ; 8 bits    ; 16 LEs        ; 8 LEs                ; 8 LEs                  ; Yes        ; |top_level|data_mem:DM|core[150][0]    ;
; 3:1                ; 8 bits    ; 16 LEs        ; 8 LEs                ; 8 LEs                  ; Yes        ; |top_level|data_mem:DM|core[151][1]    ;
; 3:1                ; 8 bits    ; 16 LEs        ; 8 LEs                ; 8 LEs                  ; Yes        ; |top_level|data_mem:DM|core[152][4]    ;
; 3:1                ; 8 bits    ; 16 LEs        ; 8 LEs                ; 8 LEs                  ; Yes        ; |top_level|data_mem:DM|core[153][0]    ;
; 3:1                ; 8 bits    ; 16 LEs        ; 8 LEs                ; 8 LEs                  ; Yes        ; |top_level|data_mem:DM|core[154][0]    ;
; 3:1                ; 8 bits    ; 16 LEs        ; 8 LEs                ; 8 LEs                  ; Yes        ; |top_level|data_mem:DM|core[155][0]    ;
; 3:1                ; 8 bits    ; 16 LEs        ; 8 LEs                ; 8 LEs                  ; Yes        ; |top_level|data_mem:DM|core[156][2]    ;
; 3:1                ; 8 bits    ; 16 LEs        ; 8 LEs                ; 8 LEs                  ; Yes        ; |top_level|data_mem:DM|core[157][7]    ;
; 3:1                ; 8 bits    ; 16 LEs        ; 8 LEs                ; 8 LEs                  ; Yes        ; |top_level|data_mem:DM|core[158][7]    ;
; 3:1                ; 8 bits    ; 16 LEs        ; 8 LEs                ; 8 LEs                  ; Yes        ; |top_level|data_mem:DM|core[159][6]    ;
; 3:1                ; 8 bits    ; 16 LEs        ; 8 LEs                ; 8 LEs                  ; Yes        ; |top_level|data_mem:DM|core[160][5]    ;
; 3:1                ; 8 bits    ; 16 LEs        ; 8 LEs                ; 8 LEs                  ; Yes        ; |top_level|data_mem:DM|core[161][2]    ;
; 3:1                ; 8 bits    ; 16 LEs        ; 8 LEs                ; 8 LEs                  ; Yes        ; |top_level|data_mem:DM|core[162][2]    ;
; 3:1                ; 8 bits    ; 16 LEs        ; 8 LEs                ; 8 LEs                  ; Yes        ; |top_level|data_mem:DM|core[163][3]    ;
; 3:1                ; 8 bits    ; 16 LEs        ; 8 LEs                ; 8 LEs                  ; Yes        ; |top_level|data_mem:DM|core[164][5]    ;
; 3:1                ; 8 bits    ; 16 LEs        ; 8 LEs                ; 8 LEs                  ; Yes        ; |top_level|data_mem:DM|core[165][6]    ;
; 3:1                ; 8 bits    ; 16 LEs        ; 8 LEs                ; 8 LEs                  ; Yes        ; |top_level|data_mem:DM|core[166][0]    ;
; 3:1                ; 8 bits    ; 16 LEs        ; 8 LEs                ; 8 LEs                  ; Yes        ; |top_level|data_mem:DM|core[167][4]    ;
; 3:1                ; 8 bits    ; 16 LEs        ; 8 LEs                ; 8 LEs                  ; Yes        ; |top_level|data_mem:DM|core[168][0]    ;
; 3:1                ; 8 bits    ; 16 LEs        ; 8 LEs                ; 8 LEs                  ; Yes        ; |top_level|data_mem:DM|core[169][0]    ;
; 3:1                ; 8 bits    ; 16 LEs        ; 8 LEs                ; 8 LEs                  ; Yes        ; |top_level|data_mem:DM|core[170][7]    ;
; 3:1                ; 8 bits    ; 16 LEs        ; 8 LEs                ; 8 LEs                  ; Yes        ; |top_level|data_mem:DM|core[171][0]    ;
; 3:1                ; 8 bits    ; 16 LEs        ; 8 LEs                ; 8 LEs                  ; Yes        ; |top_level|data_mem:DM|core[172][0]    ;
; 3:1                ; 8 bits    ; 16 LEs        ; 8 LEs                ; 8 LEs                  ; Yes        ; |top_level|data_mem:DM|core[173][0]    ;
; 3:1                ; 8 bits    ; 16 LEs        ; 8 LEs                ; 8 LEs                  ; Yes        ; |top_level|data_mem:DM|core[174][3]    ;
; 3:1                ; 8 bits    ; 16 LEs        ; 8 LEs                ; 8 LEs                  ; Yes        ; |top_level|data_mem:DM|core[175][1]    ;
; 3:1                ; 8 bits    ; 16 LEs        ; 8 LEs                ; 8 LEs                  ; Yes        ; |top_level|data_mem:DM|core[176][0]    ;
; 3:1                ; 8 bits    ; 16 LEs        ; 8 LEs                ; 8 LEs                  ; Yes        ; |top_level|data_mem:DM|core[177][4]    ;
; 3:1                ; 8 bits    ; 16 LEs        ; 8 LEs                ; 8 LEs                  ; Yes        ; |top_level|data_mem:DM|core[178][4]    ;
; 3:1                ; 8 bits    ; 16 LEs        ; 8 LEs                ; 8 LEs                  ; Yes        ; |top_level|data_mem:DM|core[179][1]    ;
; 3:1                ; 8 bits    ; 16 LEs        ; 8 LEs                ; 8 LEs                  ; Yes        ; |top_level|data_mem:DM|core[180][6]    ;
; 3:1                ; 8 bits    ; 16 LEs        ; 8 LEs                ; 8 LEs                  ; Yes        ; |top_level|data_mem:DM|core[181][0]    ;
; 3:1                ; 8 bits    ; 16 LEs        ; 8 LEs                ; 8 LEs                  ; Yes        ; |top_level|data_mem:DM|core[182][7]    ;
; 3:1                ; 8 bits    ; 16 LEs        ; 8 LEs                ; 8 LEs                  ; Yes        ; |top_level|data_mem:DM|core[183][4]    ;
; 3:1                ; 8 bits    ; 16 LEs        ; 8 LEs                ; 8 LEs                  ; Yes        ; |top_level|data_mem:DM|core[184][6]    ;
; 3:1                ; 8 bits    ; 16 LEs        ; 8 LEs                ; 8 LEs                  ; Yes        ; |top_level|data_mem:DM|core[185][4]    ;
; 3:1                ; 8 bits    ; 16 LEs        ; 8 LEs                ; 8 LEs                  ; Yes        ; |top_level|data_mem:DM|core[186][6]    ;
; 3:1                ; 8 bits    ; 16 LEs        ; 8 LEs                ; 8 LEs                  ; Yes        ; |top_level|data_mem:DM|core[187][3]    ;
; 3:1                ; 8 bits    ; 16 LEs        ; 8 LEs                ; 8 LEs                  ; Yes        ; |top_level|data_mem:DM|core[188][4]    ;
; 3:1                ; 8 bits    ; 16 LEs        ; 8 LEs                ; 8 LEs                  ; Yes        ; |top_level|data_mem:DM|core[189][4]    ;
; 3:1                ; 8 bits    ; 16 LEs        ; 8 LEs                ; 8 LEs                  ; Yes        ; |top_level|data_mem:DM|core[190][4]    ;
; 3:1                ; 8 bits    ; 16 LEs        ; 8 LEs                ; 8 LEs                  ; Yes        ; |top_level|data_mem:DM|core[191][4]    ;
; 3:1                ; 8 bits    ; 16 LEs        ; 8 LEs                ; 8 LEs                  ; Yes        ; |top_level|data_mem:DM|core[192][6]    ;
; 3:1                ; 8 bits    ; 16 LEs        ; 8 LEs                ; 8 LEs                  ; Yes        ; |top_level|data_mem:DM|core[193][5]    ;
; 3:1                ; 8 bits    ; 16 LEs        ; 8 LEs                ; 8 LEs                  ; Yes        ; |top_level|data_mem:DM|core[194][5]    ;
; 3:1                ; 8 bits    ; 16 LEs        ; 8 LEs                ; 8 LEs                  ; Yes        ; |top_level|data_mem:DM|core[195][5]    ;
; 3:1                ; 8 bits    ; 16 LEs        ; 8 LEs                ; 8 LEs                  ; Yes        ; |top_level|data_mem:DM|core[196][6]    ;
; 3:1                ; 8 bits    ; 16 LEs        ; 8 LEs                ; 8 LEs                  ; Yes        ; |top_level|data_mem:DM|core[197][1]    ;
; 3:1                ; 8 bits    ; 16 LEs        ; 8 LEs                ; 8 LEs                  ; Yes        ; |top_level|data_mem:DM|core[198][3]    ;
; 3:1                ; 8 bits    ; 16 LEs        ; 8 LEs                ; 8 LEs                  ; Yes        ; |top_level|data_mem:DM|core[199][2]    ;
; 3:1                ; 8 bits    ; 16 LEs        ; 8 LEs                ; 8 LEs                  ; Yes        ; |top_level|data_mem:DM|core[200][2]    ;
; 3:1                ; 8 bits    ; 16 LEs        ; 8 LEs                ; 8 LEs                  ; Yes        ; |top_level|data_mem:DM|core[201][7]    ;
; 3:1                ; 8 bits    ; 16 LEs        ; 8 LEs                ; 8 LEs                  ; Yes        ; |top_level|data_mem:DM|core[202][7]    ;
; 3:1                ; 8 bits    ; 16 LEs        ; 8 LEs                ; 8 LEs                  ; Yes        ; |top_level|data_mem:DM|core[203][7]    ;
; 3:1                ; 8 bits    ; 16 LEs        ; 8 LEs                ; 8 LEs                  ; Yes        ; |top_level|data_mem:DM|core[204][1]    ;
; 3:1                ; 8 bits    ; 16 LEs        ; 8 LEs                ; 8 LEs                  ; Yes        ; |top_level|data_mem:DM|core[205][1]    ;
; 3:1                ; 8 bits    ; 16 LEs        ; 8 LEs                ; 8 LEs                  ; Yes        ; |top_level|data_mem:DM|core[206][1]    ;
; 3:1                ; 8 bits    ; 16 LEs        ; 8 LEs                ; 8 LEs                  ; Yes        ; |top_level|data_mem:DM|core[207][5]    ;
; 3:1                ; 8 bits    ; 16 LEs        ; 8 LEs                ; 8 LEs                  ; Yes        ; |top_level|data_mem:DM|core[208][1]    ;
; 3:1                ; 8 bits    ; 16 LEs        ; 8 LEs                ; 8 LEs                  ; Yes        ; |top_level|data_mem:DM|core[209][4]    ;
; 3:1                ; 8 bits    ; 16 LEs        ; 8 LEs                ; 8 LEs                  ; Yes        ; |top_level|data_mem:DM|core[210][4]    ;
; 3:1                ; 8 bits    ; 16 LEs        ; 8 LEs                ; 8 LEs                  ; Yes        ; |top_level|data_mem:DM|core[211][2]    ;
; 3:1                ; 8 bits    ; 16 LEs        ; 8 LEs                ; 8 LEs                  ; Yes        ; |top_level|data_mem:DM|core[212][2]    ;
; 3:1                ; 8 bits    ; 16 LEs        ; 8 LEs                ; 8 LEs                  ; Yes        ; |top_level|data_mem:DM|core[213][2]    ;
; 3:1                ; 8 bits    ; 16 LEs        ; 8 LEs                ; 8 LEs                  ; Yes        ; |top_level|data_mem:DM|core[214][2]    ;
; 3:1                ; 8 bits    ; 16 LEs        ; 8 LEs                ; 8 LEs                  ; Yes        ; |top_level|data_mem:DM|core[215][1]    ;
; 3:1                ; 8 bits    ; 16 LEs        ; 8 LEs                ; 8 LEs                  ; Yes        ; |top_level|data_mem:DM|core[216][6]    ;
; 3:1                ; 8 bits    ; 16 LEs        ; 8 LEs                ; 8 LEs                  ; Yes        ; |top_level|data_mem:DM|core[217][3]    ;
; 3:1                ; 8 bits    ; 16 LEs        ; 8 LEs                ; 8 LEs                  ; Yes        ; |top_level|data_mem:DM|core[218][6]    ;
; 3:1                ; 8 bits    ; 16 LEs        ; 8 LEs                ; 8 LEs                  ; Yes        ; |top_level|data_mem:DM|core[219][6]    ;
; 3:1                ; 8 bits    ; 16 LEs        ; 8 LEs                ; 8 LEs                  ; Yes        ; |top_level|data_mem:DM|core[220][6]    ;
; 3:1                ; 8 bits    ; 16 LEs        ; 8 LEs                ; 8 LEs                  ; Yes        ; |top_level|data_mem:DM|core[221][1]    ;
; 3:1                ; 8 bits    ; 16 LEs        ; 8 LEs                ; 8 LEs                  ; Yes        ; |top_level|data_mem:DM|core[222][6]    ;
; 3:1                ; 8 bits    ; 16 LEs        ; 8 LEs                ; 8 LEs                  ; Yes        ; |top_level|data_mem:DM|core[223][1]    ;
; 3:1                ; 8 bits    ; 16 LEs        ; 8 LEs                ; 8 LEs                  ; Yes        ; |top_level|data_mem:DM|core[224][1]    ;
; 3:1                ; 8 bits    ; 16 LEs        ; 8 LEs                ; 8 LEs                  ; Yes        ; |top_level|data_mem:DM|core[225][1]    ;
; 3:1                ; 8 bits    ; 16 LEs        ; 8 LEs                ; 8 LEs                  ; Yes        ; |top_level|data_mem:DM|core[226][1]    ;
; 3:1                ; 8 bits    ; 16 LEs        ; 8 LEs                ; 8 LEs                  ; Yes        ; |top_level|data_mem:DM|core[227][1]    ;
; 3:1                ; 8 bits    ; 16 LEs        ; 8 LEs                ; 8 LEs                  ; Yes        ; |top_level|data_mem:DM|core[228][6]    ;
; 3:1                ; 8 bits    ; 16 LEs        ; 8 LEs                ; 8 LEs                  ; Yes        ; |top_level|data_mem:DM|core[229][4]    ;
; 3:1                ; 8 bits    ; 16 LEs        ; 8 LEs                ; 8 LEs                  ; Yes        ; |top_level|data_mem:DM|core[230][7]    ;
; 3:1                ; 8 bits    ; 16 LEs        ; 8 LEs                ; 8 LEs                  ; Yes        ; |top_level|data_mem:DM|core[231][1]    ;
; 3:1                ; 8 bits    ; 16 LEs        ; 8 LEs                ; 8 LEs                  ; Yes        ; |top_level|data_mem:DM|core[232][1]    ;
; 3:1                ; 8 bits    ; 16 LEs        ; 8 LEs                ; 8 LEs                  ; Yes        ; |top_level|data_mem:DM|core[233][1]    ;
; 3:1                ; 8 bits    ; 16 LEs        ; 8 LEs                ; 8 LEs                  ; Yes        ; |top_level|data_mem:DM|core[234][1]    ;
; 3:1                ; 8 bits    ; 16 LEs        ; 8 LEs                ; 8 LEs                  ; Yes        ; |top_level|data_mem:DM|core[235][7]    ;
; 3:1                ; 8 bits    ; 16 LEs        ; 8 LEs                ; 8 LEs                  ; Yes        ; |top_level|data_mem:DM|core[236][1]    ;
; 3:1                ; 8 bits    ; 16 LEs        ; 8 LEs                ; 8 LEs                  ; Yes        ; |top_level|data_mem:DM|core[237][5]    ;
; 3:1                ; 8 bits    ; 16 LEs        ; 8 LEs                ; 8 LEs                  ; Yes        ; |top_level|data_mem:DM|core[238][5]    ;
; 3:1                ; 8 bits    ; 16 LEs        ; 8 LEs                ; 8 LEs                  ; Yes        ; |top_level|data_mem:DM|core[239][4]    ;
; 3:1                ; 8 bits    ; 16 LEs        ; 8 LEs                ; 8 LEs                  ; Yes        ; |top_level|data_mem:DM|core[240][1]    ;
; 3:1                ; 8 bits    ; 16 LEs        ; 8 LEs                ; 8 LEs                  ; Yes        ; |top_level|data_mem:DM|core[241][5]    ;
; 3:1                ; 8 bits    ; 16 LEs        ; 8 LEs                ; 8 LEs                  ; Yes        ; |top_level|data_mem:DM|core[242][3]    ;
; 3:1                ; 8 bits    ; 16 LEs        ; 8 LEs                ; 8 LEs                  ; Yes        ; |top_level|data_mem:DM|core[243][1]    ;
; 3:1                ; 8 bits    ; 16 LEs        ; 8 LEs                ; 8 LEs                  ; Yes        ; |top_level|data_mem:DM|core[244][1]    ;
; 3:1                ; 8 bits    ; 16 LEs        ; 8 LEs                ; 8 LEs                  ; Yes        ; |top_level|data_mem:DM|core[245][1]    ;
; 3:1                ; 8 bits    ; 16 LEs        ; 8 LEs                ; 8 LEs                  ; Yes        ; |top_level|data_mem:DM|core[246][1]    ;
; 3:1                ; 8 bits    ; 16 LEs        ; 8 LEs                ; 8 LEs                  ; Yes        ; |top_level|data_mem:DM|core[247][7]    ;
; 3:1                ; 8 bits    ; 16 LEs        ; 8 LEs                ; 8 LEs                  ; Yes        ; |top_level|data_mem:DM|core[248][0]    ;
; 3:1                ; 8 bits    ; 16 LEs        ; 8 LEs                ; 8 LEs                  ; Yes        ; |top_level|data_mem:DM|core[249][4]    ;
; 3:1                ; 8 bits    ; 16 LEs        ; 8 LEs                ; 8 LEs                  ; Yes        ; |top_level|data_mem:DM|core[250][1]    ;
; 3:1                ; 8 bits    ; 16 LEs        ; 8 LEs                ; 8 LEs                  ; Yes        ; |top_level|data_mem:DM|core[251][1]    ;
; 3:1                ; 8 bits    ; 16 LEs        ; 8 LEs                ; 8 LEs                  ; Yes        ; |top_level|data_mem:DM|core[252][3]    ;
; 3:1                ; 8 bits    ; 16 LEs        ; 8 LEs                ; 8 LEs                  ; Yes        ; |top_level|data_mem:DM|core[253][5]    ;
; 3:1                ; 8 bits    ; 16 LEs        ; 8 LEs                ; 8 LEs                  ; Yes        ; |top_level|data_mem:DM|core[254][5]    ;
; 3:1                ; 8 bits    ; 16 LEs        ; 8 LEs                ; 8 LEs                  ; Yes        ; |top_level|data_mem:DM|core[255][5]    ;
; 3:1                ; 7 bits    ; 14 LEs        ; 7 LEs                ; 7 LEs                  ; Yes        ; |top_level|RegFile:RF1|Registers[0][4] ;
; 3:1                ; 2 bits    ; 4 LEs         ; 2 LEs                ; 2 LEs                  ; No         ; |top_level|RegFile:RF1|Registers       ;
; 16:1               ; 8 bits    ; 80 LEs        ; 80 LEs               ; 0 LEs                  ; No         ; |top_level|RegFile:RF1|Mux0            ;
; 266:1              ; 3 bits    ; 531 LEs       ; 525 LEs              ; 6 LEs                  ; No         ; |top_level|RegWriteValue[3]            ;
; 267:1              ; 2 bits    ; 356 LEs       ; 352 LEs              ; 4 LEs                  ; No         ; |top_level|RegWriteValue[4]            ;
+--------------------+-----------+---------------+----------------------+------------------------+------------+----------------------------------------+


+----------------------------------------------------------+
; Parameter Settings for User Entity Instance: InstROM:IR1 ;
+----------------+-------+---------------------------------+
; Parameter Name ; Value ; Type                            ;
+----------------+-------+---------------------------------+
; A              ; 10    ; Signed Integer                  ;
; W              ; 9     ; Signed Integer                  ;
+----------------+-------+---------------------------------+
Note: In order to hide this table in the UI and the text report file, please set the "Show Parameter Settings in Synthesis Report" option in "Analysis and Synthesis Settings -> More Settings" to "Off".


+----------------------------------------------------------+
; Parameter Settings for User Entity Instance: RegFile:RF1 ;
+----------------+-------+---------------------------------+
; Parameter Name ; Value ; Type                            ;
+----------------+-------+---------------------------------+
; W              ; 8     ; Signed Integer                  ;
; D              ; 4     ; Signed Integer                  ;
+----------------+-------+---------------------------------+
Note: In order to hide this table in the UI and the text report file, please set the "Show Parameter Settings in Synthesis Report" option in "Analysis and Synthesis Settings -> More Settings" to "Off".


+---------------------------------------------------------------------------------------------------------------------------------------------------------------------------------------------------------------+
; Port Connectivity Checks: "InstFetch:IF1"                                                                                                                                                                     ;
+--------+-------+----------+-----------------------------------------------------------------------------------------------------------------------------------------------------------------------------------+
; Port   ; Type  ; Severity ; Details                                                                                                                                                                           ;
+--------+-------+----------+-----------------------------------------------------------------------------------------------------------------------------------------------------------------------------------+
; Target ; Input ; Warning  ; Input port expression (10 bits) is wider than the input port (8 bits) it drives.  The 2 most-significant bit(s) in the expression will be dangling if they have no other fanouts. ;
+--------+-------+----------+-----------------------------------------------------------------------------------------------------------------------------------------------------------------------------------+


+-----------------------------------------------------+
; Post-Synthesis Netlist Statistics for Top Partition ;
+-----------------------+-----------------------------+
; Type                  ; Count                       ;
+-----------------------+-----------------------------+
; boundary_port         ; 4                           ;
; cycloneiii_ff         ; 2106                        ;
;     ENA               ; 2088                        ;
;     ENA SCLR          ; 10                          ;
;     ENA SLD           ; 7                           ;
;     plain             ; 1                           ;
; cycloneiii_lcell_comb ; 1866                        ;
;     arith             ; 24                          ;
;         3 data inputs ; 24                          ;
;     normal            ; 1842                        ;
;         2 data inputs ; 14                          ;
;         3 data inputs ; 56                          ;
;         4 data inputs ; 1772                        ;
;                       ;                             ;
; Max LUT depth         ; 13.00                       ;
; Average LUT depth     ; 9.25                        ;
+-----------------------+-----------------------------+


+-------------------------------+
; Elapsed Time Per Partition    ;
+----------------+--------------+
; Partition Name ; Elapsed Time ;
+----------------+--------------+
; Top            ; 00:00:04     ;
+----------------+--------------+


+-------------------------------+
; Analysis & Synthesis Messages ;
+-------------------------------+
Info: *******************************************************************
Info: Running Quartus Prime Analysis & Synthesis
    Info: Version 20.1.1 Build 720 11/11/2020 SJ Lite Edition
    Info: Processing started: Wed Mar 10 18:22:48 2021
Info: Command: quartus_map --read_settings_files=on --write_settings_files=off top_level -c top_level
Warning (18236): Number of processors has not been specified which may cause overloading on shared machines.  Set the global assignment NUM_PARALLEL_PROCESSORS in your QSF to an appropriate value for best performance.
Info (20030): Parallel compilation is enabled and will use 12 of the 12 processors detected
Info (12021): Found 1 design units, including 1 entities, in source file program1_tb1.sv
    Info (12023): Found entity 1: encrypt_tb File: C:/Users/Diego/Desktop/lucas_processor/verilog_code/program1_tb1.sv Line: 7
Info (12021): Found 1 design units, including 1 entities, in source file top_level.sv
    Info (12023): Found entity 1: top_level File: C:/Users/Diego/Desktop/lucas_processor/verilog_code/top_level.sv Line: 7
Info (12021): Found 1 design units, including 1 entities, in source file regfile.sv
    Info (12023): Found entity 1: RegFile File: C:/Users/Diego/Desktop/lucas_processor/verilog_code/RegFile.sv Line: 11
Info (12021): Found 1 design units, including 1 entities, in source file lut.sv
    Info (12023): Found entity 1: LUT File: C:/Users/Diego/Desktop/lucas_processor/verilog_code/LUT.sv Line: 6
Info (12021): Found 1 design units, including 1 entities, in source file instrom.sv
    Info (12023): Found entity 1: InstROM File: C:/Users/Diego/Desktop/lucas_processor/verilog_code/InstROM.sv Line: 11
Info (12021): Found 1 design units, including 1 entities, in source file instfetch.sv
    Info (12023): Found entity 1: InstFetch File: C:/Users/Diego/Desktop/lucas_processor/verilog_code/InstFetch.sv Line: 8
Info (12021): Found 1 design units, including 0 entities, in source file definitions.sv
    Info (12022): Found design unit 1: definitions (SystemVerilog) File: C:/Users/Diego/Desktop/lucas_processor/verilog_code/Definitions.sv Line: 3
Info (12021): Found 1 design units, including 1 entities, in source file data_mem.sv
    Info (12023): Found entity 1: data_mem File: C:/Users/Diego/Desktop/lucas_processor/verilog_code/data_mem.sv Line: 6
Info (12021): Found 1 design units, including 1 entities, in source file ctrl.sv
    Info (12023): Found entity 1: Ctrl File: C:/Users/Diego/Desktop/lucas_processor/verilog_code/Ctrl.sv Line: 6
Info (12021): Found 1 design units, including 1 entities, in source file alu.sv
    Info (12023): Found entity 1: ALU File: C:/Users/Diego/Desktop/lucas_processor/verilog_code/ALU.sv Line: 9
Info (12127): Elaborating entity "top_level" for the top level hierarchy
Info (12128): Elaborating entity "InstFetch" for hierarchy "InstFetch:IF1" File: C:/Users/Diego/Desktop/lucas_processor/verilog_code/top_level.sv Line: 41
Info (12128): Elaborating entity "Ctrl" for hierarchy "Ctrl:Ctrl1" File: C:/Users/Diego/Desktop/lucas_processor/verilog_code/top_level.sv Line: 49
Info (12128): Elaborating entity "InstROM" for hierarchy "InstROM:IR1" File: C:/Users/Diego/Desktop/lucas_processor/verilog_code/top_level.sv Line: 54
Warning (10850): Verilog HDL warning at InstROM.sv(21): number of words (6) in memory file does not match the number of elements in the address range [0:1023] File: C:/Users/Diego/Desktop/lucas_processor/verilog_code/InstROM.sv Line: 21
Warning (10030): Net "inst_rom.data_a" at InstROM.sv(17) has no driver or initial value, using a default initial value '0' File: C:/Users/Diego/Desktop/lucas_processor/verilog_code/InstROM.sv Line: 17
Warning (10030): Net "inst_rom.waddr_a" at InstROM.sv(17) has no driver or initial value, using a default initial value '0' File: C:/Users/Diego/Desktop/lucas_processor/verilog_code/InstROM.sv Line: 17
Warning (10030): Net "inst_rom.we_a" at InstROM.sv(17) has no driver or initial value, using a default initial value '0' File: C:/Users/Diego/Desktop/lucas_processor/verilog_code/InstROM.sv Line: 17
Info (12128): Elaborating entity "RegFile" for hierarchy "RegFile:RF1" File: C:/Users/Diego/Desktop/lucas_processor/verilog_code/top_level.sv Line: 71
Info (12128): Elaborating entity "ALU" for hierarchy "ALU:ALU1" File: C:/Users/Diego/Desktop/lucas_processor/verilog_code/top_level.sv Line: 96
Warning (10036): Verilog HDL or VHDL warning at ALU.sv(18): object "op_mnemonic" assigned a value but never read File: C:/Users/Diego/Desktop/lucas_processor/verilog_code/ALU.sv Line: 18
Warning (10230): Verilog HDL assignment warning at ALU.sv(34): truncated value with size 8 to match size of target (1) File: C:/Users/Diego/Desktop/lucas_processor/verilog_code/ALU.sv Line: 34
Info (12128): Elaborating entity "data_mem" for hierarchy "data_mem:DM" File: C:/Users/Diego/Desktop/lucas_processor/verilog_code/top_level.sv Line: 105
Warning (127007): Memory Initialization File or Hexadecimal (Intel-Format) File "C:/Users/Diego/Desktop/lucas_processor/verilog_code/db/top_level.ram0_InstROM_15efe571.hdl.mif" contains "don't care" values -- overwriting them with 0s
Warning (12241): 1 hierarchies have connectivity warnings - see the Connectivity Checks report folder
Info (286030): Timing-Driven Synthesis is running
Info (144001): Generated suppressed messages file C:/Users/Diego/Desktop/lucas_processor/verilog_code/output_files/top_level.map.smsg
Info (16010): Generating hard_block partition "hard_block:auto_generated_inst"
    Info (16011): Adding 0 node(s), including 0 DDIO, 0 PLL, 0 transceiver and 0 LCELL
Info (21057): Implemented 3957 device resources after synthesis - the final resource count might be different
    Info (21058): Implemented 3 input pins
    Info (21059): Implemented 1 output pins
    Info (21061): Implemented 3953 logic cells
Info: Quartus Prime Analysis & Synthesis was successful. 0 errors, 9 warnings
    Info: Peak virtual memory: 4848 megabytes
    Info: Processing ended: Wed Mar 10 18:22:59 2021
    Info: Elapsed time: 00:00:11
    Info: Total CPU time (on all processors): 00:00:20


+------------------------------------------+
; Analysis & Synthesis Suppressed Messages ;
+------------------------------------------+
The suppressed messages can be found in C:/Users/Diego/Desktop/lucas_processor/verilog_code/output_files/top_level.map.smsg.


